Test:
  Array:
    file1: File1
    file2: File2
    file_3: File 3
    icon-1: Icon 1